// Jest Snapshot v1, https://goo.gl/fbAQLP

exports[`<Checkbox> should have a custom id: checkbox--foobar 1`] = `
<DocumentFragment>
  <input
    id="foobar"
    name="me"
    style="border: 0px; height: 1px; width: 1px; margin: -1px; padding: 0px; overflow: hidden; position: absolute;"
    type="checkbox"
  />
</DocumentFragment>
`;

exports[`<Checked> should be null when unchecked 1`] = `
<DocumentFragment>
  <label
    data-testid="label"
  >
    <input
      data-testid="cb"
      id="foobar"
      name="me"
      style="border: 0px; height: 1px; width: 1px; margin: -1px; padding: 0px; overflow: hidden; position: absolute;"
      type="checkbox"
    />
  </label>
</DocumentFragment>
`;

exports[`<Checked> should display when checked: checked 1`] = `
<DocumentFragment>
  <label
    data-testid="label"
  >
    <input
      checked=""
      data-testid="cb"
      id="foobar"
      name="me"
      style="border: 0px; height: 1px; width: 1px; margin: -1px; padding: 0px; overflow: hidden; position: absolute;"
      type="checkbox"
    />
    Checked
  </label>
</DocumentFragment>
`;

exports[`<Checkmark> should apply checked and unchecked styles: checked 1`] = `
<DocumentFragment>
  <label
    data-testid="label"
  >
    <input
      checked=""
      data-testid="cb"
      name="me"
      style="border: 0px; height: 1px; width: 1px; margin: -1px; padding: 0px; overflow: hidden; position: absolute;"
      type="checkbox"
    />
    <span
      style="display: block;"
    >
      Checkmark
    </span>
  </label>
</DocumentFragment>
`;

exports[`<Checkmark> should apply checked and unchecked styles: unchecked 1`] = `
<DocumentFragment>
  <label
    data-testid="label"
  >
    <input
      checked=""
      data-testid="cb"
      name="me"
      style="border: 0px; height: 1px; width: 1px; margin: -1px; padding: 0px; overflow: hidden; position: absolute;"
      type="checkbox"
    />
    <span
      style="display: none;"
    >
      Checkmark
    </span>
  </label>
</DocumentFragment>
`;

exports[`<Checkmark> should have \`checked\` class name when checked: checked 1`] = `
<DocumentFragment>
  <label
    data-testid="label"
  >
    <input
      checked=""
      data-testid="cb"
      name="me"
      style="border: 0px; height: 1px; width: 1px; margin: -1px; padding: 0px; overflow: hidden; position: absolute;"
      type="checkbox"
    />
    <span
      class="checked"
    >
      Checkmark
    </span>
  </label>
</DocumentFragment>
`;

exports[`<Checkmark> should have \`checked\` class name when checked: unchecked 1`] = `
<DocumentFragment>
  <label
    data-testid="label"
  >
    <input
      checked=""
      data-testid="cb"
      name="me"
      style="border: 0px; height: 1px; width: 1px; margin: -1px; padding: 0px; overflow: hidden; position: absolute;"
      type="checkbox"
    />
    <span>
      Checkmark
    </span>
  </label>
</DocumentFragment>
`;

exports[`<Checkmark> should have \`unchecked\` class name when checked: checked 1`] = `
<DocumentFragment>
  <label
    data-testid="label"
  >
    <input
      data-testid="cb"
      name="me"
      style="border: 0px; height: 1px; width: 1px; margin: -1px; padding: 0px; overflow: hidden; position: absolute;"
      type="checkbox"
    />
    <span>
      Checkmark
    </span>
  </label>
</DocumentFragment>
`;

exports[`<Checkmark> should have \`unchecked\` class name when checked: unchecked 1`] = `
<DocumentFragment>
  <label
    data-testid="label"
  >
    <input
      data-testid="cb"
      name="me"
      style="border: 0px; height: 1px; width: 1px; margin: -1px; padding: 0px; overflow: hidden; position: absolute;"
      type="checkbox"
    />
    <span
      class="unchecked"
    >
      Checkmark
    </span>
  </label>
</DocumentFragment>
`;

exports[`<Unchecked> should be null when checked 1`] = `
<DocumentFragment>
  <label
    data-testid="label"
  >
    <input
      checked=""
      data-testid="cb"
      id="foobar"
      name="me"
      style="border: 0px; height: 1px; width: 1px; margin: -1px; padding: 0px; overflow: hidden; position: absolute;"
      type="checkbox"
    />
  </label>
</DocumentFragment>
`;

exports[`<Unchecked> should display when unchecked 1`] = `
<DocumentFragment>
  <label
    data-testid="label"
  >
    <input
      data-testid="cb"
      id="foobar"
      name="me"
      style="border: 0px; height: 1px; width: 1px; margin: -1px; padding: 0px; overflow: hidden; position: absolute;"
      type="checkbox"
    />
    Unchecked
  </label>
</DocumentFragment>
`;
